// Jest Snapshot v1, https://goo.gl/fbAQLP

exports[`Header shoud render Header Index 1`] = `
<Provider
  store={
    Object {
      "clearActions": [Function],
      "dispatch": [Function],
      "getActions": [Function],
      "getState": [Function],
      "replaceReducer": [Function],
      "subscribe": [Function],
    }
  }
>
  <Header>
    <div
      className="HeaderComponent"
    >
      <Navbar
        color="dark"
        dark={true}
        expand="md"
        tag="nav"
      >
        <nav
          className="navbar navbar-expand-md navbar-dark bg-dark"
        >
          <NavbarBrand
            href="/#/"
            tag="a"
          >
            <a
              className="navbar-brand"
              href="/#/"
            >
              GitHub Commits
            </a>
          </NavbarBrand>
          <NavbarToggler
            onClick={[Function]}
            tag="button"
            type="button"
          >
            <button
              aria-label="Toggle navigation"
              className="navbar-toggler"
              onClick={[Function]}
              type="button"
            >
              <span
                className="navbar-toggler-icon"
              />
            </button>
          </NavbarToggler>
          <Collapse
            appear={false}
            enter={true}
            exit={true}
            in={false}
            isOpen={false}
            mountOnEnter={false}
            navbar={true}
            onEnter={[Function]}
            onEntered={[Function]}
            onEntering={[Function]}
            onExit={[Function]}
            onExited={[Function]}
            onExiting={[Function]}
            tag="div"
            timeout={350}
            unmountOnExit={false}
          >
            <Transition
              appear={false}
              enter={true}
              exit={true}
              in={false}
              mountOnEnter={false}
              onEnter={[Function]}
              onEntered={[Function]}
              onEntering={[Function]}
              onExit={[Function]}
              onExited={[Function]}
              onExiting={[Function]}
              timeout={350}
              unmountOnExit={false}
            >
              <div
                aria-expanded="false"
                className="collapse navbar-collapse"
                style={Object {}}
              >
                <Nav
                  className="mr-auto"
                  navbar={true}
                  tag="ul"
                  vertical={false}
                >
                  <ul
                    className="mr-auto navbar-nav"
                  />
                </Nav>
                <p
                  className="user_name"
                >
                  <span
                    className="name"
                  >
                    Welcome, 
                    Keven
                  </span>
                   
                  <br />
                  <button
                    className="logout"
                    onClick={[Function]}
                    type="button"
                  >
                    Logout
                  </button>
                </p>
                <img
                  alt="user"
                  className="user_avatar"
                />
              </div>
            </Transition>
          </Collapse>
        </nav>
      </Navbar>
    </div>
  </Header>
</Provider>
`;

exports[`Header should render with success 1`] = `
<Provider
  store={
    Object {
      "clearActions": [Function],
      "dispatch": [Function],
      "getActions": [Function],
      "getState": [Function],
      "replaceReducer": [Function],
      "subscribe": [Function],
    }
  }
>
  <Header>
    <div
      className="HeaderComponent"
    >
      <Navbar
        color="dark"
        dark={true}
        expand="md"
        tag="nav"
      >
        <nav
          className="navbar navbar-expand-md navbar-dark bg-dark"
        >
          <NavbarBrand
            href="/#/"
            tag="a"
          >
            <a
              className="navbar-brand"
              href="/#/"
            >
              GitHub Commits
            </a>
          </NavbarBrand>
          <NavbarToggler
            onClick={[Function]}
            tag="button"
            type="button"
          >
            <button
              aria-label="Toggle navigation"
              className="navbar-toggler"
              onClick={[Function]}
              type="button"
            >
              <span
                className="navbar-toggler-icon"
              />
            </button>
          </NavbarToggler>
          <Collapse
            appear={false}
            enter={true}
            exit={true}
            in={false}
            isOpen={false}
            mountOnEnter={false}
            navbar={true}
            onEnter={[Function]}
            onEntered={[Function]}
            onEntering={[Function]}
            onExit={[Function]}
            onExited={[Function]}
            onExiting={[Function]}
            tag="div"
            timeout={350}
            unmountOnExit={false}
          >
            <Transition
              appear={false}
              enter={true}
              exit={true}
              in={false}
              mountOnEnter={false}
              onEnter={[Function]}
              onEntered={[Function]}
              onEntering={[Function]}
              onExit={[Function]}
              onExited={[Function]}
              onExiting={[Function]}
              timeout={350}
              unmountOnExit={false}
            >
              <div
                aria-expanded="false"
                className="collapse navbar-collapse"
                style={Object {}}
              >
                <Nav
                  className="mr-auto"
                  navbar={true}
                  tag="ul"
                  vertical={false}
                >
                  <ul
                    className="mr-auto navbar-nav"
                  />
                </Nav>
                <p
                  className="user_name"
                >
                  <span
                    className="name"
                  >
                    Welcome, 
                    Keven
                  </span>
                   
                  <br />
                  <button
                    className="logout"
                    onClick={[Function]}
                    type="button"
                  >
                    Logout
                  </button>
                </p>
                <img
                  alt="user"
                  className="user_avatar"
                />
              </div>
            </Transition>
          </Collapse>
        </nav>
      </Navbar>
    </div>
  </Header>
</Provider>
`;
