// Jest Snapshot v1, https://goo.gl/fbAQLP

exports[`App should render with success 1`] = `
<ExampleBoundary>
  <Provider
    store={
      Object {
        "dispatch": [Function],
        "getState": [Function],
        "replaceReducer": [Function],
        "subscribe": [Function],
        Symbol(observable): [Function],
      }
    }
  >
    <Header />
    <ToastContainer
      autoClose={5000}
      bodyClassName={null}
      className={null}
      closeButton={
        <CloseButton
          ariaLabel="close"
        />
      }
      closeOnClick={true}
      draggable={true}
      draggablePercent={80}
      hideProgressBar={false}
      newestOnTop={false}
      pauseOnFocusLoss={true}
      pauseOnHover={true}
      position="top-right"
      progressClassName={null}
      progressStyle={null}
      role="alert"
      rtl={false}
      style={null}
      toastClassName={null}
      transition={[Function]}
    />
    <Load />
    <Routes />
  </Provider>
</ExampleBoundary>
`;
